[i.imgur.com/rFSDEDE.png]
[backblue.gif]
[fade.gif]
[index.html]
[nguyenquocvinh.dzvcl.cf/music.mp3]
[1.bp.blogspot.com/-8q527WLzXg8/T4B34JlQu7I/AAAAAAAAAbw/lQz-x5aFdiI/s1600/bullseyepurple.gif]
[i.imgur.com/IXULuQ1.png]
[cdn.bio.link/matomo.js]
[cdn.bio.link/plausible.js]
[nguyenquocvinh.dzvcl.cf/index.html]
[i.imgur.com/Ny6nMnI.png]
[use.fontawesome.com/releases/v5.1.0/css/all.css]
[maxcdn.bootstrapcdn.com/font-awesome/4.7.0/css/font-awesome.min.css]
[i.imgur.com/5v5M8gh.png]
[i.imgur.com/Gxj2F4C.png]
[www.blogger.com/static/v1/widgets/793325732-widgets.js]
[nguyenquocvinh.dzvcl.cf/listapi/index.html]
[www.blogger.com/img/widgets/stats-flipper.png]
[resources.blogblog.com/img/widgets/s_top.png]
[www.blogger.com/static/v1/widgets/1007218368-widget_css_bundle.css]
[use.fontawesome.com/releases/v5.1.0/css/all.css]
[maxcdn.bootstrapcdn.com/font-awesome/4.7.0/css/font-awesome.min.css]
[css.leanhduc.pro.vn/mouse_cursor.css]
[css.leanhduc.pro.vn/blog/f113.min.css]
[javascript.leanhduc.pro.vn/drop_heart.js]
